{
  "version": "1.5.0",
  "plugins_used": [
    {
      "name": "ArtifactoryDetector"
    },
    {
      "name": "AWSKeyDetector"
    },
    {
      "name": "AzureStorageKeyDetector"
    },
    {
      "name": "Base64HighEntropyString",
      "limit": 4.5
    },
    {
      "name": "BasicAuthDetector"
    },
    {
      "name": "CloudantDetector"
    },
    {
      "name": "DiscordBotTokenDetector"
    },
    {
      "name": "GitHubTokenDetector"
    },
    {
      "name": "HexHighEntropyString",
      "limit": 3.0
    },
    {
      "name": "IbmCloudIamDetector"
    },
    {
      "name": "IbmCosHmacDetector"
    },
    {
      "name": "JwtTokenDetector"
    },
    {
      "name": "KeywordDetector",
      "keyword_exclude": ""
    },
    {
      "name": "MailchimpDetector"
    },
    {
      "name": "NpmDetector"
    },
    {
      "name": "PrivateKeyDetector"
    },
    {
      "name": "SendGridDetector"
    },
    {
      "name": "SlackDetector"
    },
    {
      "name": "SoftlayerDetector"
    },
    {
      "name": "SquareOAuthDetector"
    },
    {
      "name": "StripeDetector"
    },
    {
      "name": "TwilioKeyDetector"
    }
  ],
  "filters_used": [
    {
      "path": "detect_secrets.filters.allowlist.is_line_allowlisted"
    },
    {
      "path": "detect_secrets.filters.common.is_ignored_due_to_verification_policies",
      "min_level": 2
    },
    {
      "path": "detect_secrets.filters.heuristic.is_indirect_reference"
    },
    {
      "path": "detect_secrets.filters.heuristic.is_likely_id_string"
    },
    {
      "path": "detect_secrets.filters.heuristic.is_lock_file"
    },
    {
      "path": "detect_secrets.filters.heuristic.is_not_alphanumeric_string"
    },
    {
      "path": "detect_secrets.filters.heuristic.is_potential_uuid"
    },
    {
      "path": "detect_secrets.filters.heuristic.is_prefixed_with_dollar_sign"
    },
    {
      "path": "detect_secrets.filters.heuristic.is_sequential_string"
    },
    {
      "path": "detect_secrets.filters.heuristic.is_swagger_file"
    },
    {
      "path": "detect_secrets.filters.heuristic.is_templated_secret"
    }
  ],
  "results": {
    ".github/workflows/daily.yml": [
      {
        "type": "Secret Keyword",
        "filename": ".github/workflows/daily.yml",
        "hashed_secret": "3e26d6750975d678acb8fa35a0f69237881576b0",
        "is_verified": false,
        "line_number": 17
      }
    ],
    "Dockerfile.ccf-sandbox": [
      {
        "type": "Base64 High Entropy String",
        "filename": "Dockerfile.ccf-sandbox",
        "hashed_secret": "85381d78f1efa588a2ccd9c6d3426129d01f3578",
        "is_verified": false,
        "line_number": 6
      }
    ],
    "test/README.md": [
      {
        "type": "Secret Keyword",
        "filename": "test/README.md",
        "hashed_secret": "9261cfdfaf08be0e4f753d89e28d96e43b90fada",
        "is_verified": false,
        "line_number": 66
      }
    ],
    "test/attestation-samples/snp.json": [
      {
        "type": "Base64 High Entropy String",
        "filename": "test/attestation-samples/snp.json",
        "hashed_secret": "8ae64ecc5a60b817505241596ae5d870aab81f85",
        "is_verified": false,
        "line_number": 3
      },
      {
        "type": "Base64 High Entropy String",
        "filename": "test/attestation-samples/snp.json",
        "hashed_secret": "66c1cef84cf0393f5430d7c08bc0dc8300679718",
        "is_verified": false,
        "line_number": 5
      }
    ],
    "test/data-samples/member0_data_pt2.json": [
      {
        "type": "Hex High Entropy String",
        "filename": "test/data-samples/member0_data_pt2.json",
        "hashed_secret": "20554cfa72c351cd22e858fb74a165b67c48ca47",
        "is_verified": false,
        "line_number": 4
      },
      {
        "type": "Hex High Entropy String",
        "filename": "test/data-samples/member0_data_pt2.json",
        "hashed_secret": "fb96af9db28d9703608294c63f58f334245f21ea",
        "is_verified": false,
        "line_number": 5
      },
      {
        "type": "Hex High Entropy String",
        "filename": "test/data-samples/member0_data_pt2.json",
        "hashed_secret": "ee0a1e80743e9221a117f4fa33c5ef6aee59c861",
        "is_verified": false,
        "line_number": 6
      },
      {
        "type": "Hex High Entropy String",
        "filename": "test/data-samples/member0_data_pt2.json",
        "hashed_secret": "5f8ea124cbdd8399d473fa40a99a4c18dbf39624",
        "is_verified": false,
        "line_number": 9
      }
    ],
    "test/data-samples/member1_data.json": [
      {
        "type": "Hex High Entropy String",
        "filename": "test/data-samples/member1_data.json",
        "hashed_secret": "fb96af9db28d9703608294c63f58f334245f21ea",
        "is_verified": false,
        "line_number": 5
      },
      {
        "type": "Hex High Entropy String",
        "filename": "test/data-samples/member1_data.json",
        "hashed_secret": "ee0a1e80743e9221a117f4fa33c5ef6aee59c861",
        "is_verified": false,
        "line_number": 6
      },
      {
        "type": "Hex High Entropy String",
        "filename": "test/data-samples/member1_data.json",
        "hashed_secret": "5f8ea124cbdd8399d473fa40a99a4c18dbf39624",
        "is_verified": false,
        "line_number": 8
      }
    ],
    "test/data-samples/member2_data.json": [
      {
        "type": "Hex High Entropy String",
        "filename": "test/data-samples/member2_data.json",
        "hashed_secret": "20554cfa72c351cd22e858fb74a165b67c48ca47",
        "is_verified": false,
        "line_number": 5
      },
      {
        "type": "Hex High Entropy String",
        "filename": "test/data-samples/member2_data.json",
        "hashed_secret": "fb96af9db28d9703608294c63f58f334245f21ea",
        "is_verified": false,
        "line_number": 6
      },
      {
        "type": "Hex High Entropy String",
        "filename": "test/data-samples/member2_data.json",
        "hashed_secret": "ee0a1e80743e9221a117f4fa33c5ef6aee59c861",
        "is_verified": false,
        "line_number": 7
      },
      {
        "type": "Hex High Entropy String",
        "filename": "test/data-samples/member2_data.json",
        "hashed_secret": "5f8ea124cbdd8399d473fa40a99a4c18dbf39624",
        "is_verified": false,
        "line_number": 10
      }
    ],
    "test/data-samples/privateWrapKey.pem": [
      {
        "type": "Private Key",
        "filename": "test/data-samples/privateWrapKey.pem",
        "hashed_secret": "1348b145fa1a555461c1b790a2f66614781091e9",
        "is_verified": false,
        "line_number": 1
      }
    ]
  },
  "generated_at": "2026-03-14T07:34:35Z"
}
